exports[`<AddFriend /> should render correctly 1`] = `
"<div class=\"addFriend\">
  <div class=\"form-group\">
    <input type=\"text\" class=\"form-control\" placeholder=\"Type the name of a friend\"
    value=\"\">
  </div>
  <div class=\"form-group\">
    <div class=\"btn-group btn-block\">
      <button type=\"button\" value=\"male\" class=\"btn btn-primary col-sm-6\"><i class=\"fa fa-male\"></i>
        <!-- react-text: 8 -->male
        <!-- /react-text -->
      </button>
      <button type=\"button\" value=\"female\" class=\"btn btn-primary col-sm-6\"><i class=\"fa fa-female\"></i>
        <!-- react-text: 11 -->female
        <!-- /react-text -->
      </button>
    </div>
  </div>
</div>"
`;
